Traceback (most recent call last):
  File "/Users/kim/anaconda3/lib/python3.10/site-packages/jupyter_core/utils/__init__.py", line 154, in wrapped
    asyncio.get_running_loop()
RuntimeError: no running event loop

During handling of the above exception, another exception occurred:

Traceback (most recent call last):
  File "/Users/kim/anaconda3/lib/python3.10/site-packages/jupyter_cache/executors/utils.py", line 58, in single_nb_execution
    executenb(
  File "/Users/kim/anaconda3/lib/python3.10/site-packages/nbclient/client.py", line 1319, in execute
    return NotebookClient(nb=nb, resources=resources, km=km, **kwargs).execute()
  File "/Users/kim/anaconda3/lib/python3.10/site-packages/jupyter_core/utils/__init__.py", line 158, in wrapped
    return loop.run_until_complete(inner)
  File "/Users/kim/anaconda3/lib/python3.10/asyncio/base_events.py", line 649, in run_until_complete
    return future.result()
  File "/Users/kim/anaconda3/lib/python3.10/site-packages/nbclient/client.py", line 709, in async_execute
    await self.async_execute_cell(
  File "/Users/kim/anaconda3/lib/python3.10/site-packages/nbclient/client.py", line 1062, in async_execute_cell
    await self._check_raise_for_error(cell, cell_index, exec_reply)
  File "/Users/kim/anaconda3/lib/python3.10/site-packages/nbclient/client.py", line 918, in _check_raise_for_error
    raise CellExecutionError.from_cell_and_msg(cell, exec_reply_content)
nbclient.exceptions.CellExecutionError: An error occurred while executing the following cell:
------------------
%reset -f

import numpy as np
import sympy as sp

fgb = 700.0
fgo = 400.0

phi1 = np.radians(45)
phi2 = np.radians(20)

#unknown is the reaction force, fr, along the boom 
#(mixture of normal, friction, tension and what else is at the attachment)
#ft is tension force
#L is length of boom
frx,fry,ft,L = sp.symbols('frx,fry,ft,L')

#horizontal forces must balance
eq1 = frx - ft*sp.cos(phi1)

#vertical forces must balance
eq2 = fry + ft*sp.sin(phi1) - fgb - fgo

#let origin be at the attachment
#torques about the origin must balance
eq3 = L*ft*sp.sin(sp.pi - phi1 - phi2) - L*fgo*sp.sin(sp.pi/2 + phi2) - (L/2)*fgb*sp.sin(sp.pi/2 + phi2)

sol = sp.solve((eq1,eq2,eq3),(frx,fry,ft,L))

frx = float(sol[0][0])
fry = float(sol[0][1])
ft = sol[0][2]

fr = np.sqrt(frx**2 + fry**2)
theta = np.arctan(fry/frx)*180/np.pi

print('Tension: '+str(ft)+' N')
print(' ')
print('Reaction force: '+str(fr)+' N, directed at '+str(theta)+' degrees')
print(' ')
print('The reaction force is not along the boom.')
------------------


[0;31m---------------------------------------------------------------------------[0m
[0;31mTypeError[0m                                 Traceback (most recent call last)
Cell [0;32mIn[18], line 30[0m
[1;32m     26[0m eq3 [38;5;241m=[39m L[38;5;241m*[39mft[38;5;241m*[39msp[38;5;241m.[39msin(sp[38;5;241m.[39mpi [38;5;241m-[39m phi1 [38;5;241m-[39m phi2) [38;5;241m-[39m L[38;5;241m*[39mfgo[38;5;241m*[39msp[38;5;241m.[39msin(sp[38;5;241m.[39mpi[38;5;241m/[39m[38;5;241m2[39m [38;5;241m+[39m phi2) [38;5;241m-[39m (L[38;5;241m/[39m[38;5;241m2[39m)[38;5;241m*[39mfgb[38;5;241m*[39msp[38;5;241m.[39msin(sp[38;5;241m.[39mpi[38;5;241m/[39m[38;5;241m2[39m [38;5;241m+[39m phi2)
[1;32m     28[0m sol [38;5;241m=[39m sp[38;5;241m.[39msolve((eq1,eq2,eq3),(frx,fry,ft,L))
[0;32m---> 30[0m frx [38;5;241m=[39m [38;5;28;43mfloat[39;49m[43m([49m[43msol[49m[43m[[49m[38;5;241;43m0[39;49m[43m][49m[43m[[49m[38;5;241;43m0[39;49m[43m][49m[43m)[49m
[1;32m     31[0m fry [38;5;241m=[39m [38;5;28mfloat[39m(sol[[38;5;241m0[39m][[38;5;241m1[39m])
[1;32m     32[0m ft [38;5;241m=[39m sol[[38;5;241m0[39m][[38;5;241m2[39m]

File [0;32m~/anaconda3/lib/python3.10/site-packages/sympy/core/expr.py:340[0m, in [0;36mExpr.__float__[0;34m(self)[0m
[1;32m    338[0m [38;5;28;01mif[39;00m result[38;5;241m.[39mis_number [38;5;129;01mand[39;00m result[38;5;241m.[39mas_real_imag()[[38;5;241m1[39m]:
[1;32m    339[0m     [38;5;28;01mraise[39;00m [38;5;167;01mTypeError[39;00m([38;5;124m"[39m[38;5;124mCannot convert complex to float[39m[38;5;124m"[39m)
[0;32m--> 340[0m [38;5;28;01mraise[39;00m [38;5;167;01mTypeError[39;00m([38;5;124m"[39m[38;5;124mCannot convert expression to float[39m[38;5;124m"[39m)

[0;31mTypeError[0m: Cannot convert expression to float

