Traceback (most recent call last):
  File "/Users/kim/anaconda3/lib/python3.10/site-packages/jupyter_core/utils/__init__.py", line 154, in wrapped
    asyncio.get_running_loop()
RuntimeError: no running event loop

During handling of the above exception, another exception occurred:

Traceback (most recent call last):
  File "/Users/kim/anaconda3/lib/python3.10/site-packages/jupyter_cache/executors/utils.py", line 58, in single_nb_execution
    executenb(
  File "/Users/kim/anaconda3/lib/python3.10/site-packages/nbclient/client.py", line 1305, in execute
    return NotebookClient(nb=nb, resources=resources, km=km, **kwargs).execute()
  File "/Users/kim/anaconda3/lib/python3.10/site-packages/jupyter_core/utils/__init__.py", line 158, in wrapped
    return loop.run_until_complete(inner)
  File "/Users/kim/anaconda3/lib/python3.10/asyncio/base_events.py", line 649, in run_until_complete
    return future.result()
  File "/Users/kim/anaconda3/lib/python3.10/site-packages/nbclient/client.py", line 705, in async_execute
    await self.async_execute_cell(
  File "/Users/kim/anaconda3/lib/python3.10/site-packages/nbclient/client.py", line 1058, in async_execute_cell
    await self._check_raise_for_error(cell, cell_index, exec_reply)
  File "/Users/kim/anaconda3/lib/python3.10/site-packages/nbclient/client.py", line 914, in _check_raise_for_error
    raise CellExecutionError.from_cell_and_msg(cell, exec_reply_content)
nbclient.exceptions.CellExecutionError: An error occurred while executing the following cell:
------------------
# Numerical check for Gaussian normalization & expectation values
import numpy as np

x = np.linspace(-10,10,5000)
sigma_x = 1.0

psi = (1/(2*np.pi*sigma_x**2)**0.25) * np.exp(-x**2/(4*sigma_x**2))
prob = np.abs(psi)**2

dx = x[1]-x[0]
normalization = np.sum(prob)*dx
x_mean = np.sum(x*prob)*dx
x2_mean = np.sum(x**2*prob)*dx
delta_x = np.sqrt(x2_mean - x_mean**2)

print(f"Normalization ≈ {normalization:.5f}")
print(f"<x> ≈ {x_mean:.5f}")
print(f"Δx ≈ {delta_x:.5f} (should ≈ σ_x = {sigma_x})")
------------------


[0;31m---------------------------------------------------------------------------[0m
[0;31mModuleNotFoundError[0m                       Traceback (most recent call last)
Cell [0;32mIn[1], line 2[0m
[1;32m      1[0m [38;5;66;03m# Numerical check for Gaussian normalization & expectation values[39;00m
[0;32m----> 2[0m [38;5;28;01mimport[39;00m[38;5;250m [39m[38;5;21;01mnumpy[39;00m[38;5;250m [39m[38;5;28;01mas[39;00m[38;5;250m [39m[38;5;21;01mnp[39;00m
[1;32m      4[0m x [38;5;241m=[39m np[38;5;241m.[39mlinspace([38;5;241m-[39m[38;5;241m10[39m,[38;5;241m10[39m,[38;5;241m5000[39m)
[1;32m      5[0m sigma_x [38;5;241m=[39m [38;5;241m1.0[39m

[0;31mModuleNotFoundError[0m: No module named 'numpy'

