Traceback (most recent call last):
  File "/Users/kim/anaconda3/lib/python3.10/site-packages/jupyter_core/utils/__init__.py", line 154, in wrapped
    asyncio.get_running_loop()
RuntimeError: no running event loop

During handling of the above exception, another exception occurred:

Traceback (most recent call last):
  File "/Users/kim/anaconda3/lib/python3.10/site-packages/jupyter_cache/executors/utils.py", line 58, in single_nb_execution
    executenb(
  File "/Users/kim/anaconda3/lib/python3.10/site-packages/nbclient/client.py", line 1305, in execute
    return NotebookClient(nb=nb, resources=resources, km=km, **kwargs).execute()
  File "/Users/kim/anaconda3/lib/python3.10/site-packages/jupyter_core/utils/__init__.py", line 158, in wrapped
    return loop.run_until_complete(inner)
  File "/Users/kim/anaconda3/lib/python3.10/asyncio/base_events.py", line 649, in run_until_complete
    return future.result()
  File "/Users/kim/anaconda3/lib/python3.10/site-packages/nbclient/client.py", line 705, in async_execute
    await self.async_execute_cell(
  File "/Users/kim/anaconda3/lib/python3.10/site-packages/nbclient/client.py", line 1058, in async_execute_cell
    await self._check_raise_for_error(cell, cell_index, exec_reply)
  File "/Users/kim/anaconda3/lib/python3.10/site-packages/nbclient/client.py", line 914, in _check_raise_for_error
    raise CellExecutionError.from_cell_and_msg(cell, exec_reply_content)
nbclient.exceptions.CellExecutionError: An error occurred while executing the following cell:
------------------
%reset -f

import numpy as np

N = 50
D = 0.15
B1 = 0.50
B2 = 0
theta = 0

R = D/2
A = np.pi*R**2

flux1 = B1*A*np.cos(theta)
flux2 = B2*A*np.cos(theta)

dt = 0.10
emf = -N*(flux2 - flux1)/dt
print('Induced EMF: '+str(emf)+' V')

dt = 1.0
emf = -N*(flux2 - flux1)/dt
print(' ')
print('Induced EMF: '+str(emf)+' V')

dt = 60
emf = -N*(flux2 - flux1)/dt
print(' ')
print('Induced EMF: '+str(emf)+' V')

------------------


[0;31m---------------------------------------------------------------------------[0m
[0;31mModuleNotFoundError[0m                       Traceback (most recent call last)
Cell [0;32mIn[2], line 3[0m
[1;32m      1[0m get_ipython()[38;5;241m.[39mrun_line_magic([38;5;124m'[39m[38;5;124mreset[39m[38;5;124m'[39m, [38;5;124m'[39m[38;5;124m-f[39m[38;5;124m'[39m)
[0;32m----> 3[0m [38;5;28;01mimport[39;00m[38;5;250m [39m[38;5;21;01mnumpy[39;00m[38;5;250m [39m[38;5;28;01mas[39;00m[38;5;250m [39m[38;5;21;01mnp[39;00m
[1;32m      5[0m N [38;5;241m=[39m [38;5;241m50[39m
[1;32m      6[0m D [38;5;241m=[39m [38;5;241m0.15[39m

[0;31mModuleNotFoundError[0m: No module named 'numpy'

